GowinSynthesis start
Running parser ...
Analyzing Verilog file 'D:\Vscode\FPGA\GOWIN\motor_top\src\key.v'
Analyzing Verilog file 'D:\Vscode\FPGA\GOWIN\motor_top\src\key_debounce.v'
Analyzing Verilog file 'D:\Vscode\FPGA\GOWIN\motor_top\src\motor.v'
Analyzing Verilog file 'D:\Vscode\FPGA\GOWIN\motor_top\src\motor_control.v'
Analyzing Verilog file 'D:\Vscode\FPGA\GOWIN\motor_top\src\motor_top.v'
Analyzing Verilog file 'D:\Vscode\FPGA\GOWIN\motor_top\src\pwm.v'
Compiling module 'motor_top'("D:\Vscode\FPGA\GOWIN\motor_top\src\motor_top.v":2)
Compiling module 'key'("D:\Vscode\FPGA\GOWIN\motor_top\src\key.v":5)
Compiling module 'key_debounce'("D:\Vscode\FPGA\GOWIN\motor_top\src\key_debounce.v":5)
Compiling module 'motor'("D:\Vscode\FPGA\GOWIN\motor_top\src\motor.v":2)
Compiling module 'motor_control(DUTY_MAX=2500)'("D:\Vscode\FPGA\GOWIN\motor_top\src\motor_control.v":8)
Compiling module 'pwm'("D:\Vscode\FPGA\GOWIN\motor_top\src\pwm.v":8)
NOTE  (EX0101) : Current top module is "motor_top"
[5%] Running netlist conversion ...
WARN  (CV0018) : Input key_in[3] is unused("D:\Vscode\FPGA\GOWIN\motor_top\src\motor_top.v":5)
Running device independent optimization ...
[10%] Optimizing Phase 0 completed
[15%] Optimizing Phase 1 completed
[25%] Optimizing Phase 2 completed
Running inference ...
[30%] Inferring Phase 0 completed
[40%] Inferring Phase 1 completed
[50%] Inferring Phase 2 completed
[55%] Inferring Phase 3 completed
Running technical mapping ...
[60%] Tech-Mapping Phase 0 completed
[65%] Tech-Mapping Phase 1 completed
[75%] Tech-Mapping Phase 2 completed
[80%] Tech-Mapping Phase 3 completed
[90%] Tech-Mapping Phase 4 completed
WARN  (NL0002) : The module "key_debounce" instantiated to "gen_key_debounce[3].u_key_debounce" is swept in optimizing("D:\Vscode\FPGA\GOWIN\motor_top\src\key.v":22)
[95%] Generate netlist file "D:\Vscode\FPGA\GOWIN\motor_top\impl\gwsynthesis\motor_top.vg" completed
[100%] Generate report file "D:\Vscode\FPGA\GOWIN\motor_top\impl\gwsynthesis\motor_top_syn.rpt.html" completed
GowinSynthesis finish
