Reading netlist file: "D:\Vscode\FPGA\GOWIN\adc_top\impl\gwsynthesis\adc_top.vg"
Parsing netlist file "D:\Vscode\FPGA\GOWIN\adc_top\impl\gwsynthesis\adc_top.vg" completed
Processing netlist completed
Reading constraint file: "D:\Vscode\FPGA\GOWIN\adc_top\src\pin.cst"
Physical Constraint parsed completed
Running placement......
[10%] Placement Phase 0 completed
[20%] Placement Phase 1 completed
[30%] Placement Phase 2 completed
WARN  (TA1132) :  'tck_pad_i' was determined to be a clock but was not created.
[50%] Placement Phase 3 completed
Running routing......
[60%] Routing Phase 0 completed
[70%] Routing Phase 1 completed
[80%] Routing Phase 2 completed
[90%] Routing Phase 3 completed
Running timing analysis......
[95%] Timing analysis completed
Placement and routing completed
Bitstream generation in progress......
Bitstream generation completed
Running power analysis......
[100%] Power analysis completed
Generate file "D:\Vscode\FPGA\GOWIN\adc_top\impl\pnr\adc_top.power.html" completed
Generate file "D:\Vscode\FPGA\GOWIN\adc_top\impl\pnr\adc_top.pin.html" completed
Generate file "D:\Vscode\FPGA\GOWIN\adc_top\impl\pnr\adc_top.rpt.html" completed
Generate file "D:\Vscode\FPGA\GOWIN\adc_top\impl\pnr\adc_top.rpt.txt" completed
Generate file "D:\Vscode\FPGA\GOWIN\adc_top\impl\pnr\adc_top.tr.html" completed
Tue Sep 29 00:41:55 2026

