Reading netlist file: "D:\Vscode\FPGA\GOWIN\motor_top\impl\gwsynthesis\motor_top.vg"
Parsing netlist file "D:\Vscode\FPGA\GOWIN\motor_top\impl\gwsynthesis\motor_top.vg" completed
Processing netlist completed
Reading constraint file: "D:\Vscode\FPGA\GOWIN\motor_top\src\motor_top.cst"
Physical Constraint parsed completed
Running placement......
[10%] Placement Phase 0 completed
[20%] Placement Phase 1 completed
[30%] Placement Phase 2 completed
WARN  (TA1132) :  'clk' was determined to be a clock but was not created.
[50%] Placement Phase 3 completed
Running routing......
[60%] Routing Phase 0 completed
[70%] Routing Phase 1 completed
[80%] Routing Phase 2 completed
[90%] Routing Phase 3 completed
Running timing analysis......
[95%] Timing analysis completed
Placement and routing completed
Bitstream generation in progress......
Bitstream generation completed
Running power analysis......
[100%] Power analysis completed
Generate file "D:\Vscode\FPGA\GOWIN\motor_top\impl\pnr\motor_top.power.html" completed
Generate file "D:\Vscode\FPGA\GOWIN\motor_top\impl\pnr\motor_top.pin.html" completed
Generate file "D:\Vscode\FPGA\GOWIN\motor_top\impl\pnr\motor_top.rpt.html" completed
Generate file "D:\Vscode\FPGA\GOWIN\motor_top\impl\pnr\motor_top.rpt.txt" completed
Generate file "D:\Vscode\FPGA\GOWIN\motor_top\impl\pnr\motor_top.tr.html" completed
Mon Sep 28 19:02:37 2026

